// Jest Snapshot v1, https://jestjs.io/docs/snapshot-testing

exports[`DiaryHeader renders mobile header 1`] = `
<div>
  <div
    class="border-b bg-card/70 backdrop-blur-md sticky top-0 z-10"
  >
    <div
      class="max-w-4xl mx-auto px-3 py-2"
    >
      <div
        class="flex items-center justify-between gap-2"
      >
        <button
          class="flex items-center gap-1 h-8 px-2"
          variant="ghost"
        >
          <div
            class="w-4 h-4"
            data-testid="icon-arrow-left"
          />
          <span
            class="text-sm"
          >
            Back
          </span>
        </button>
        <span
          class="text-xs text-primary"
        >
          Step 
          3
          /
          9
        </span>
      </div>
      <div
        class="w-full bg-muted rounded-full h-1 mt-2"
      >
        <div
          class="bg-primary h-1 rounded-full transition-all duration-500 ease-out"
          style="width: 33.33333333333333%;"
        />
      </div>
    </div>
  </div>
</div>
`;

exports[`DiaryHeader renders simplified desktop header 1`] = `
<div>
  <div
    class="border-b bg-card/50 backdrop-blur-md sticky top-0 z-10"
  >
    <div
      class="max-w-4xl mx-auto px-4 sm:px-6 py-4"
    >
      <div
        class="flex items-center justify-between"
      >
        <div
          class="flex items-center gap-4"
        >
          <button
            class="flex items-center gap-2 hover:bg-accent hover:text-accent-foreground"
            variant="ghost"
          >
            <div
              class="w-4 h-4"
              data-testid="icon-arrow-left"
            />
            <span
              class="hidden sm:inline"
            >
              Back to Chat
            </span>
          </button>
          <div
            class="flex items-center gap-3"
          >
            <div
              class="h-12 w-12 rounded-xl bg-primary flex items-center justify-center shadow-lg"
            >
              <div
                class="w-6 h-6 text-primary-foreground"
                data-testid="icon-brain"
              />
            </div>
            <h1
              class="text-3xl font-semibold"
            >
              Interactive CBT Session
            </h1>
          </div>
        </div>
      </div>
    </div>
  </div>
</div>
`;
